Flow report for SRAMTest
Fri Dec 17 20:26:33 2021
Quartus Prime Version 21.1.0 Build 842 10/21/2021 SJ Lite Edition


---------------------
; Table of Contents ;
---------------------
  1. Legal Notice
  2. Flow Summary
  3. Flow Settings
  4. Flow Non-Default Global Settings
  5. Flow Elapsed Time
  6. Flow OS Summary
  7. Flow Log
  8. Flow Messages
  9. Flow Suppressed Messages



----------------
; Legal Notice ;
----------------
Copyright (C) 2021  Intel Corporation. All rights reserved.
Your use of Intel Corporation's design tools, logic functions 
and other software and tools, and any partner logic 
functions, and any output files from any of the foregoing 
(including device programming or simulation files), and any 
associated documentation or information are expressly subject 
to the terms and conditions of the Intel Program License 
Subscription Agreement, the Intel Quartus Prime License Agreement,
the Intel FPGA IP License Agreement, or other applicable license
agreement, including, without limitation, that your use is for
the sole purpose of programming logic devices manufactured by
Intel and sold by Intel or its authorized distributors.  Please
refer to the applicable agreement for further details, at
https://fpgasoftware.intel.com/eula.



+----------------------------------------------------------------------------------+
; Flow Summary                                                                     ;
+------------------------------------+---------------------------------------------+
; Flow Status                        ; Successful - Fri Dec 17 20:26:33 2021       ;
; Quartus Prime Version              ; 21.1.0 Build 842 10/21/2021 SJ Lite Edition ;
; Revision Name                      ; SRAMTest                                    ;
; Top-level Entity Name              ; SRAMTest                                    ;
; Family                             ; Cyclone IV E                                ;
; Device                             ; EP4CE115F29C7                               ;
; Timing Models                      ; Final                                       ;
; Total logic elements               ; 63 / 114,480 ( < 1 % )                      ;
;     Total combinational functions  ; 63 / 114,480 ( < 1 % )                      ;
;     Dedicated logic registers      ; 23 / 114,480 ( < 1 % )                      ;
; Total registers                    ; 23                                          ;
; Total pins                         ; 47 / 529 ( 9 % )                            ;
; Total virtual pins                 ; 0                                           ;
; Total memory bits                  ; 0 / 3,981,312 ( 0 % )                       ;
; Embedded Multiplier 9-bit elements ; 0 / 532 ( 0 % )                             ;
; Total PLLs                         ; 0 / 4 ( 0 % )                               ;
+------------------------------------+---------------------------------------------+


+-----------------------------------------+
; Flow Settings                           ;
+-------------------+---------------------+
; Option            ; Setting             ;
+-------------------+---------------------+
; Start date & time ; 12/17/2021 20:26:14 ;
; Main task         ; Compilation         ;
; Revision Name     ; SRAMTest            ;
+-------------------+---------------------+


+---------------------------------------------------------------------------------------------------+
; Flow Non-Default Global Settings                                                                  ;
+-----------------------+--------------------------------+---------------+-------------+------------+
; Assignment Name       ; Value                          ; Default Value ; Entity Name ; Section Id ;
+-----------------------+--------------------------------+---------------+-------------+------------+
; COMPILER_SIGNATURE_ID ; 49410867663162.163976917407716 ; --            ; --          ; --         ;
+-----------------------+--------------------------------+---------------+-------------+------------+


+--------------------------------------------------------------------------------------------------------------------------+
; Flow Elapsed Time                                                                                                        ;
+----------------------+--------------+-------------------------+---------------------+------------------------------------+
; Module Name          ; Elapsed Time ; Average Processors Used ; Peak Virtual Memory ; Total CPU Time (on all processors) ;
+----------------------+--------------+-------------------------+---------------------+------------------------------------+
; Analysis & Synthesis ; 00:00:05     ; 1.0                     ; 473 MB              ; 00:00:12                           ;
; Fitter               ; 00:00:11     ; 1.0                     ; 1792 MB             ; 00:00:20                           ;
; Assembler            ; 00:00:02     ; 1.0                     ; 361 MB              ; 00:00:02                           ;
; Total                ; 00:00:18     ; --                      ; --                  ; 00:00:34                           ;
+----------------------+--------------+-------------------------+---------------------+------------------------------------+


+----------------------------------------------------------------------------------------------+
; Flow OS Summary                                                                              ;
+----------------------+------------------+----------------------+------------+----------------+
; Module Name          ; Machine Hostname ; OS Name              ; OS Version ; Processor type ;
+----------------------+------------------+----------------------+------------+----------------+
; Analysis & Synthesis ; pop-os           ; Freedesktop Platform ; 21         ; x86_64         ;
; Fitter               ; pop-os           ; Freedesktop Platform ; 21         ; x86_64         ;
; Assembler            ; pop-os           ; Freedesktop Platform ; 21         ; x86_64         ;
+----------------------+------------------+----------------------+------------+----------------+


------------
; Flow Log ;
------------
quartus_map SRAMTest
quartus_fit SRAMTest
quartus_asm SRAMTest



